
> task-planner@3.0.0 build
> vite build

node.exe : [33mThe CJS build 
of Vite's Node API is 
deprecated. See https://vite.de
v/guide/troubleshooting.html#vi
te-cjs-node-api-deprecated for 
more details.[39m
At line:1 char:1
+ & "C:\/node.exe" "C:\/node_mo
dules/npm/bin/npm-cli.js" run 
build
+ ~~~~~~~~~~~~~~~~~~~~~~~~~~~~~
~~~~~~~~~~~~~~~~~~~~~~~~~~~~~~~
~~~~
    + CategoryInfo          :  
   NotSpecified: ([33mThe CJ  
  S bu...e details.[39m:Str   
 ing) [], RemoteException
    + FullyQualifiedErrorId :  
   NativeCommandError
 
[36mvite v5.4.21 [32mbuilding for production...[36m[39m
transforming...
[32mΓ£ô[39m 77 modules transformed.

PWA v0.20.5
mode      generateSW
precache  3 entries (0.00 KiB)
files generated
  dist/sw.js
  dist/workbox-8c29f6e4.js
warnings
  One of the glob patterns 
doesn't match any files. 
Please remove or fix the 
following: {
  "globDirectory": "D:\\task-pl
anner-exe-project\\task-app\\di
st",
  "globPattern": "**/*.{js,css,
html,ico,png,svg}",
  "globIgnores": [
    "**/node_modules/**/*",
    "sw.js",
    "workbox-*.js"
  ]
}

[31mx[39m Build failed in 
4.11s
[31merror during build:
[31m[vite-plugin-pwa:build] 
There was an error during the 
build:
  src/components/SharedUI.jsx 
(2:36): "timeToMinutes" is not 
exported by 
"src/utils/helpers.js", 
imported by 
"src/components/SharedUI.jsx".
Additionally, handling the 
error in the 'buildEnd' hook 
caused the following error:
  src/components/SharedUI.jsx 
(2:36): "timeToMinutes" is not 
exported by 
"src/utils/helpers.js", 
imported by "src/components/Sha
redUI.jsx".[31m
file: [36mD:/task-planner-exe-
project/task-app/src/components
/SharedUI.jsx:2:36[31m
[33m
1: import React from 'react';
2: import { formatTimeRange, 
todayKey, timeToMinutes, 
isTimeLiveNow } from 
'../utils/helpers';
                               
        ^
3: 
4: export function GoalItem({ 
goal, idx, doneHere, pulse, 
celebrate, liveNow, 
countdownText, selected, 
overdueEnabled = ...
[31m
    at getRollupError (file:///
D:/task-planner-exe-project/tas
k-app/node_modules/rollup/dist/
es/shared/parseAst.js:402:41)
    at file:///D:/task-planner-
exe-project/task-app/node_modul
es/rollup/dist/es/shared/node-e
ntry.js:23467:39
    at async 
catchUnfinishedHookActions (fil
e:///D:/task-planner-exe-projec
t/task-app/node_modules/rollup/
dist/es/shared/node-entry.js:22
925:16)
    at async rollupInternal (fi
le:///D:/task-planner-exe-proje
ct/task-app/node_modules/rollup
/dist/es/shared/node-entry.js:2
3450:5)
    at async build (file:///D:/
task-planner-exe-project/task-a
pp/node_modules/vite/dist/node/
chunks/dep-BK3b2jBa.js:65709:14
)
    at async CAC.<anonymous> (f
ile:///D:/task-planner-exe-proj
ect/task-app/node_modules/vite/
dist/node/cli.js:829:5)[39m
